// Jest Snapshot v1, https://goo.gl/fbAQLP

exports[`JobListing should render component 1`] = `
Array [
  <div
    className="Job-Listing"
  >
    <JobItem
      job={
        Object {
          "id": 1,
          "title": "Test Job 1",
        }
      }
      onClick={[Function]}
      style={
        Object {
          "cursor": "pointer",
        }
      }
    />
    <JobItem
      job={
        Object {
          "id": 2,
          "title": "Test Job 2",
        }
      }
      onClick={[Function]}
      style={
        Object {
          "cursor": "pointer",
        }
      }
    />
  </div>,
]
`;
